
> frontend@0.1.0 dev
> next dev -p 3000

▲ Next.js 16.1.6 (Turbopack)
- Local:         http://localhost:3000
- Network:       http://192.168.0.211:3000

✓ Starting...
✓ Ready in 1236ms
 GET /game/the_crooked_man 200 in 1287ms (compile: 980ms, render: 306ms)
 HEAD / 200 in 119ms (compile: 63ms, render: 56ms)
 GET / 200 in 263ms (compile: 39ms, render: 224ms)
 GET /game/the_crooked_man 200 in 119ms (compile: 44ms, render: 75ms)
 GET / 200 in 476ms (compile: 121ms, render: 355ms)
 GET /game/the_crooked_man 200 in 100ms (compile: 21ms, render: 79ms)
 GET / 200 in 98ms (compile: 42ms, render: 56ms)
 GET /game/the_crooked_man 200 in 65ms (compile: 16ms, render: 50ms)
 GET / 200 in 140ms (compile: 40ms, render: 100ms)
 GET /game/the_crooked_man 200 in 141ms (compile: 25ms, render: 116ms)
✓ Compiled in 1935ms
✓ Compiled in 51ms

> frontend@0.1.0 dev
> next dev -p 3000

▲ Next.js 16.1.6 (Turbopack)
- Local:         http://localhost:3000
- Network:       http://192.168.0.211:3000

✓ Starting...
✓ Ready in 1308ms
 GET /game/the_crooked_man 200 in 1857ms (compile: 1298ms, render: 559ms)
 GET /game/the_crooked_man 200 in 568ms (compile: 9ms, render: 560ms)
 GET /game/the_crooked_man 200 in 268ms (compile: 15ms, render: 253ms)
 GET /game/the_crooked_man 200 in 303ms (compile: 40ms, render: 263ms)
 GET / 200 in 218ms (compile: 100ms, render: 118ms)
 GET /game/the_crooked_man 200 in 193ms (compile: 41ms, render: 153ms)
 GET /game/the_crooked_man 200 in 175ms (compile: 13ms, render: 162ms)
 GET / 200 in 194ms (compile: 68ms, render: 126ms)
 GET /game/the_crooked_man 200 in 234ms (compile: 69ms, render: 164ms)
 GET /game/the_crooked_man? 200 in 289ms (compile: 72ms, render: 217ms)
 GET /game/the_crooked_man 200 in 726ms (compile: 68ms, render: 658ms)
✓ Compiled in 366ms
✓ Compiled in 74ms
 GET /game/the_crooked_man 200 in 376ms (compile: 175ms, render: 201ms)
✓ Compiled in 321ms
✓ Compiled in 20ms
 GET /game/the_crooked_man 200 in 401ms (compile: 216ms, render: 184ms)
✓ Compiled in 291ms
 GET /game/the_crooked_man 200 in 313ms (compile: 154ms, render: 158ms)
✓ Compiled in 330ms
✓ Compiled in 101ms
✓ Compiled in 186ms
 GET /game/the_crooked_man 200 in 259ms (compile: 139ms, render: 120ms)
 GET /game/the_crooked_man 200 in 198ms (compile: 77ms, render: 121ms)
